"C:/Users/Eliat/Desktop/ecgc-firmware/src/gb_decoder.vhd=work"
"C:/Users/Eliat/Desktop/ecgc-firmware/src/cart_tl.vhd=work"
"C:/Users/Eliat/Desktop/ecgc-firmware/src/synchroniser.vhd=work"
"C:/Users/Eliat/Desktop/ecgc-firmware/src/mbch.vhd=work"
"C:/Users/Eliat/Desktop/ecgc-firmware/src/reset.vhd=work"
"C:/Users/Eliat/Desktop/ecgc-firmware/src/ips/efb/efb.vhd=work"
"C:/Users/Eliat/Desktop/ecgc-firmware/src/sim/gameboy_tb.vhd=work"
"C:/Users/Eliat/Desktop/ecgc-firmware/src/as4c32m8sa_controller.vhd=work"
"C:/Users/Eliat/Desktop/ecgc-firmware/src/ips/pll/pll.vhd=work"
"C:/Users/Eliat/Desktop/ecgc-firmware/src/dma_controller.vhd=work"
"C:/Users/Eliat/Desktop/ecgc-firmware/src/spi_slave.vhd=work"
"C:/Users/Eliat/Desktop/ecgc-firmware/src/spi_debug.vhd=work"
"C:/Users/Eliat/Desktop/ecgc-firmware/src/wb_crossbar_central.vhd=work"
"C:/Users/Eliat/Desktop/ecgc-firmware/src/wb_crossbar_decoder.vhd=work"
"C:/Users/Eliat/Desktop/ecgc-firmware/src/ips/boot_ram/boot_ram.vhd=work"
"C:/Users/Eliat/Desktop/ecgc-firmware/src/ips/cart_ram/cart_ram.vhd=work"
